exports[`test renders correctly 1`] = `<View />`;
