exports[`test renders correctly 1`] = `
<ScrollView
  style={
    Array [
      Object {
        "flexGrow": 1,
      },
      undefined,
    ]
  }>
  <KeyboardSpacer />
</ScrollView>
`;
